// Jest Snapshot v1, https://goo.gl/fbAQLP

exports[`example-access-check default snapshot 1`] = `
<example-access-check>
  #shadow-root(open)
    <p
      class="mockedPermission"
    >
      value set in test
    </p>
    <p
      class="unmockedPermission"
    >
      unmocked
    </p>
</example-access-check>
`;