// Jest Snapshot v1, https://goo.gl/fbAQLP

exports[`serializes a component containing framework-supplied attributes 1`] = `
<serializer-component>
  <h1>
    Hello world
  </h1>
</serializer-component>
`;
