// Jest Snapshot v1, https://goo.gl/fbAQLP

exports[`should render dynamically imported component 1`] = `
<smoke-dynamic-import>
  #shadow-root(open)
    <smoke-lazy>
      #shadow-root(open)
        <span>
          Child
        </span>
    </smoke-lazy>
</smoke-dynamic-import>
`;
