// Jest Snapshot v1, https://goo.gl/fbAQLP

exports[`serializes component with framework-supplied attributes 1`] = `
<x-basic>
  <style type="text/css">
    h1 {color: blue;}
  </style>
  <h1>
    Hello world
  </h1>
</x-basic>
`;
