// Jest Snapshot v1, https://goo.gl/fbAQLP

exports[`renders a basic component with light DOM slot with text node slotted 1`] = `
<ssr-light-dom-slot-text>
  <ssr-light-dom-slottable>
    Hello
  </ssr-light-dom-slottable>
</ssr-light-dom-slot-text>
`;
